node.exe : npm warn Unknown project config "node-linker". This will stop working in the next major version of npm.
At line:1 char:1
+ & "C:\Program Files\nodejs/node.exe" "C:\Program Files\nodejs/node_mo ...
+ ~~~~~~~~~~~~~~~~~~~~~~~~~~~~~~~~~~~~~~~~~~~~~~~~~~~~~~~~~~~~~~~~~~~~~
    + CategoryInfo          : NotSpecified: (npm warn Unknow...version of npm.:String) [], RemoteException
    + FullyQualifiedErrorId : NativeCommandError
 

> snehra-codesmith@1.0.0 build D:\Snehra_desktop-electron-windows-main\Snehra_desktop-electron-windows-main
> remix vite:build

[33mThe CJS build of Vite's Node API is deprecated. See 
https://vite.dev/guide/troubleshooting.html#vite-cjs-node-api-deprecated for more details.[39m
[7m[33m warn [39m[27m Data fetching is changing to a single fetch in React Router v7
[33mΓöâ[39m [90mYou can use the `v3_singleFetch` future flag to opt-in early.[39m
[33mΓöâ[39m [90m-> https://remix.run/docs/en/2.13.1/start/future-flags#v3_singleFetch[39m
[33mΓöù[39m
[36mvite v5.4.21 [32mbuilding for production...[36m[39m
transforming...
[32mΓ£ô[39m 4133 modules transformed.
[31mx[39m Build failed in 48.32s
[31mapp/components/@settings/tabs/providers/cloud/CloudProvidersTab.tsx (11:9): "SiAmazon" is not exported by 
"node_modules/react-icons/si/index.mjs", imported by 
"app/components/@settings/tabs/providers/cloud/CloudProvidersTab.tsx".[39m
file: [36mD:/Snehra_desktop-electron-windows-main/Snehra_desktop-electron-windows-main/app/components/@settings/tabs/p
roviders/cloud/CloudProvidersTab.tsx:11:9[39m
[33m
 9: import { toast } from 'react-toastify';
10: import { providerBaseUrlEnvKeys } from '~/utils/constants';
11: import { SiAmazon, SiGoogle, SiGithub, SiHuggingface, SiPerplexity, SiOpenai } from 'react-icons/si';
             ^
12: import { BsRobot, BsCloud } from 'react-icons/bs';
13: import { TbBrain, TbCloudComputing } from 'react-icons/tb';
[39m
    at getRollupError (file:///D:/Snehra_desktop-electron-windows-main/Snehra_desktop-electron-windows-main/node_module
s/rollup/dist/es/shared/parseAst.js:406:41)
    at error (file:///D:/Snehra_desktop-electron-windows-main/Snehra_desktop-electron-windows-main/node_modules/rollup/
dist/es/shared/parseAst.js:402:42)
    at Module.error (file:///D:/Snehra_desktop-electron-windows-main/Snehra_desktop-electron-windows-main/node_modules/
rollup/dist/es/shared/node-entry.js:17390:16)
    at Module.traceVariable (file:///D:/Snehra_desktop-electron-windows-main/Snehra_desktop-electron-windows-main/node_
modules/rollup/dist/es/shared/node-entry.js:17823:29)
    at ModuleScope.findVariable (file:///D:/Snehra_desktop-electron-windows-main/Snehra_desktop-electron-windows-main/n
ode_modules/rollup/dist/es/shared/node-entry.js:15413:39)
    at Identifier.bind (file:///D:/Snehra_desktop-electron-windows-main/Snehra_desktop-electron-windows-main/node_modul
es/rollup/dist/es/shared/node-entry.js:5449:40)
    at Property.bind (file:///D:/Snehra_desktop-electron-windows-main/Snehra_desktop-electron-windows-main/node_modules
/rollup/dist/es/shared/node-entry.js:2831:23)
    at ObjectExpression.bind (file:///D:/Snehra_desktop-electron-windows-main/Snehra_desktop-electron-windows-main/node
_modules/rollup/dist/es/shared/node-entry.js:2827:28)
    at VariableDeclarator.bind (file:///D:/Snehra_desktop-electron-windows-main/Snehra_desktop-electron-windows-main/no
de_modules/rollup/dist/es/shared/node-entry.js:2831:23)
    at VariableDeclaration.bind (file:///D:/Snehra_desktop-electron-windows-main/Snehra_desktop-electron-windows-main/n
ode_modules/rollup/dist/es/shared/node-entry.js:2827:28)
    at Program.bind (file:///D:/Snehra_desktop-electron-windows-main/Snehra_desktop-electron-windows-main/node_modules/
rollup/dist/es/shared/node-entry.js:2827:28)
    at Module.bindReferences (file:///D:/Snehra_desktop-electron-windows-main/Snehra_desktop-electron-windows-main/node
_modules/rollup/dist/es/shared/node-entry.js:17369:18)
    at Graph.sortAndBindModules (file:///D:/Snehra_desktop-electron-windows-main/Snehra_desktop-electron-windows-main/n
ode_modules/rollup/dist/es/shared/node-entry.js:23283:20)
    at Graph.build (file:///D:/Snehra_desktop-electron-windows-main/Snehra_desktop-electron-windows-main/node_modules/r
ollup/dist/es/shared/node-entry.js:23181:14)
    at file:///D:/Snehra_desktop-electron-windows-main/Snehra_desktop-electron-windows-main/node_modules/rollup/dist/es
/shared/node-entry.js:23872:13
    at catchUnfinishedHookActions (file:///D:/Snehra_desktop-electron-windows-main/Snehra_desktop-electron-windows-main
/node_modules/rollup/dist/es/shared/node-entry.js:23342:16)
    at rollupInternal (file:///D:/Snehra_desktop-electron-windows-main/Snehra_desktop-electron-windows-main/node_module
s/rollup/dist/es/shared/node-entry.js:23867:5)
    at Module.build (file:///D:/Snehra_desktop-electron-windows-main/Snehra_desktop-electron-windows-main/node_modules/
vite/dist/node/chunks/dep-BK3b2jBa.js:65709:14)
    at viteBuild (D:\Snehra_desktop-electron-windows-main\Snehra_desktop-electron-windows-main\node_modules\@remix-run\
dev\dist\vite\build.js:212:5)
    at build (D:\Snehra_desktop-electron-windows-main\Snehra_desktop-electron-windows-main\node_modules\@remix-run\dev\
dist\vite\build.js:236:3)
    at Object.viteBuild (D:\Snehra_desktop-electron-windows-main\Snehra_desktop-electron-windows-main\node_modules\@rem
ix-run\dev\dist\cli\commands.js:184:5)
    at Object.run (D:\Snehra_desktop-electron-windows-main\Snehra_desktop-electron-windows-main\node_modules\@remix-run
\dev\dist\cli\run.js:252:7) {
  binding: 'SiAmazon',
  code: 'MISSING_EXPORT',
  exporter: 
'D:/Snehra_desktop-electron-windows-main/Snehra_desktop-electron-windows-main/node_modules/react-icons/si/index.mjs',
  id: 'D:/Snehra_desktop-electron-windows-main/Snehra_desktop-electron-windows-main/app/components/@settings/tabs/provi
ders/cloud/CloudProvidersTab.tsx',
  url: 'https://rollupjs.org/troubleshooting/#error-name-is-not-exported-by-module',
  pos: 528,
  loc: {
    column: 9,
    file: 'D:/Snehra_desktop-electron-windows-main/Snehra_desktop-electron-windows-main/app/components/@settings/tabs/p
roviders/cloud/CloudProvidersTab.tsx',
    line: 11
  },
  frame: " 9: import { toast } from 'react-toastify';\n" +
    "10: import { providerBaseUrlEnvKeys } from '~/utils/constants';\n" +
    "11: import { SiAmazon, SiGoogle, SiGithub, SiHuggingface, SiPerplexity, SiOpenai } from 'react-icons/si';\n" +
    '             ^\n' +
    "12: import { BsRobot, BsCloud } from 'react-icons/bs';\n" +
    "13: import { TbBrain, TbCloudComputing } from 'react-icons/tb';",
  watchFiles: [
    'D:/Snehra_desktop-electron-windows-main/Snehra_desktop-electron-windows-main/app/root.tsx',
    'D:/Snehra_desktop-electron-windows-main/Snehra_desktop-electron-windows-main/app/entry.client.tsx',
    
'D:/Snehra_desktop-electron-windows-main/Snehra_desktop-electron-windows-main/app/routes/api.configured-providers.ts',
    
'D:/Snehra_desktop-electron-windows-main/Snehra_desktop-electron-windows-main/app/routes/webcontainer.preview.$id.tsx',
    
'D:/Snehra_desktop-electron-windows-main/Snehra_desktop-electron-windows-main/app/routes/api.save-openrouter-key.ts',
    
'D:/Snehra_desktop-electron-windows-main/Snehra_desktop-electron-windows-main/app/routes/webcontainer.connect.$id.tsx',
    'D:/Snehra_desktop-electron-windows-main/Snehra_desktop-electron-windows-main/app/routes/api.mcp-update-config.ts',
    'D:/Snehra_desktop-electron-windows-main/Snehra_desktop-electron-windows-main/app/routes/api.models.$provider.ts',
    
'D:/Snehra_desktop-electron-windows-main/Snehra_desktop-electron-windows-main/app/routes/api.supabase.variables.ts',
    'D:/Snehra_desktop-electron-windows-main/Snehra_desktop-electron-windows-main/app/routes/api.system.disk-info.ts',
    'D:/Snehra_desktop-electron-windows-main/Snehra_desktop-electron-windows-main/app/routes/api.export-api-keys.ts',
    'D:/Snehra_desktop-electron-windows-main/Snehra_desktop-electron-windows-main/app/routes/api.github-branches.ts',
    'D:/Snehra_desktop-electron-windows-main/Snehra_desktop-electron-windows-main/app/routes/api.github-template.ts',
    'D:/Snehra_desktop-electron-windows-main/Snehra_desktop-electron-windows-main/app/routes/api.gitlab-branches.ts',
    'D:/Snehra_desktop-electron-windows-main/Snehra_desktop-electron-windows-main/app/routes/api.gitlab-projects.ts',
    'D:/Snehra_desktop-electron-windows-main/Snehra_desktop-electron-windows-main/app/routes/api.system.git-info.ts',
    'D:/Snehra_desktop-electron-windows-main/Snehra_desktop-electron-windows-main/app/routes/api.netlify-deploy.ts',
    'D:/Snehra_desktop-electron-windows-main/Snehra_desktop-electron-windows-main/app/routes/api.stripe-webhook.ts',
    'D:/Snehra_desktop-electron-windows-main/Snehra_desktop-electron-windows-main/app/routes/api.supabase.query.ts',
    'D:/Snehra_desktop-electron-windows-main/Snehra_desktop-electron-windows-main/app/routes/api.check-env-key.ts',
    'D:/Snehra_desktop-electron-windows-main/Snehra_desktop-electron-windows-main/app/routes/api.supabase-user.ts',
    'D:/Snehra_desktop-electron-windows-main/Snehra_desktop-electron-windows-main/app/routes/api.vercel-deploy.ts',
    'D:/Snehra_desktop-electron-windows-main/Snehra_desktop-electron-windows-main/app/routes/api.github-stats.ts',
    'D:/Snehra_desktop-electron-windows-main/Snehra_desktop-electron-windows-main/app/routes/api.netlify-user.ts',
    'D:/Snehra_desktop-electron-windows-main/Snehra_desktop-electron-windows-main/app/routes/api.git-proxy.$.ts',
    'D:/Snehra_desktop-electron-windows-main/Snehra_desktop-electron-windows-main/app/routes/api.github-user.ts',
    'D:/Snehra_desktop-electron-windows-main/Snehra_desktop-electron-windows-main/app/routes/api.vercel-user.ts',
    'D:/Snehra_desktop-electron-windows-main/Snehra_desktop-electron-windows-main/app/routes/api.bug-report.ts',
    'D:/Snehra_desktop-electron-windows-main/Snehra_desktop-electron-windows-main/app/routes/api.web-search.ts',
    'D:/Snehra_desktop-electron-windows-main/Snehra_desktop-electron-windows-main/app/routes/api.mcp-check.ts',
    'D:/Snehra_desktop-electron-windows-main/Snehra_desktop-electron-windows-main/app/routes/api.enhancer.ts',
    'D:/Snehra_desktop-electron-windows-main/Snehra_desktop-electron-windows-main/app/routes/api.git-info.ts',
    'D:/Snehra_desktop-electron-windows-main/Snehra_desktop-electron-windows-main/app/routes/api.supabase.ts',
    'D:/Snehra_desktop-electron-windows-main/Snehra_desktop-electron-windows-main/app/routes/api.llmcall.ts',
    'D:/Snehra_desktop-electron-windows-main/Snehra_desktop-electron-windows-main/app/routes/api.health.ts',
    'D:/Snehra_desktop-electron-windows-main/Snehra_desktop-electron-windows-main/app/routes/api.models.ts',
    'D:/Snehra_desktop-electron-windows-main/Snehra_desktop-electron-windows-main/app/routes/api.update.ts',
    'D:/Snehra_desktop-electron-windows-main/Snehra_desktop-electron-windows-main/app/routes/api.chat.ts',
    'D:/Snehra_desktop-electron-windows-main/Snehra_desktop-electron-windows-main/app/routes/chat.$id.tsx',
    'D:/Snehra_desktop-electron-windows-main/Snehra_desktop-electron-windows-main/app/routes/_index.tsx',
    'D:/Snehra_desktop-electron-windows-main/Snehra_desktop-electron-windows-main/app/routes/git.tsx',
    'D:\\Snehra_desktop-electron-windows-main\\Snehra_desktop-electron-windows-main\\package.json',
    'D:/Snehra_desktop-electron-windows-main/Snehra_desktop-electron-windows-main/app/components/git/GitUrlImport.clien
t.tsx',
    'D:/Snehra_desktop-electron-windows-main/Snehra_desktop-electron-windows-main/app/components/chat/BaseChat.tsx',
    'D:/Snehra_desktop-electron-windows-main/Snehra_desktop-electron-windows-main/app/components/header/Header.tsx',
    'D:/Snehra_desktop-electron-windows-main/Snehra_desktop-electron-windows-main/app/components/ui/BackgroundRays/inde
x.tsx',
    'D:/Snehra_desktop-electron-windows-main/Snehra_desktop-electron-windows-main/node_modules/react/jsx-runtime.js',
    'D:/Snehra_desktop-electron-windows-main/Snehra_desktop-electron-windows-main/node_modules/react/index.js',
    'D:/Snehra_desktop-electron-windows-main/Snehra_desktop-electron-windows-main/node_modules/@remix-run/react/dist/es
m/index.js',
    'D:/Snehra_desktop-electron-windows-main/Snehra_desktop-electron-windows-main/node_modules/react-dom/client.js',
    'D:/Snehra_desktop-electron-windows-main/Snehra_desktop-electron-windows-main/app/lib/stores/theme.ts',
    'D:/Snehra_desktop-electron-windows-main/Snehra_desktop-electron-windows-main/app/utils/stripIndent.ts',
    'D:/Snehra_desktop-electron-windows-main/Snehra_desktop-electron-windows-main/app/lib/stores/logs.ts',
    'D:/Snehra_desktop-electron-windows-main/Snehra_desktop-electron-windows-main/app/lib/contexts/AuthContext.tsx',
    'D:/Snehra_desktop-electron-windows-main/Snehra_desktop-electron-windows-main/app/utils/debugLogger.ts',
    'D:/Snehra_desktop-electron-windows-main/Snehra_desktop-electron-windows-main/app/components/chat/Chat.client.tsx',
    'D:/Snehra_desktop-electron-windows-main/Snehra_desktop-electron-windows-main/app/components/ui/AnimatedBackground.
tsx',
    'D:/Snehra_desktop-electron-windows-main/Snehra_desktop-electron-windows-main/app/components/auth/AuthModal.tsx',
    'D:/Snehra_desktop-electron-windows-main/Snehra_desktop-electron-windows-main/node_modules/@remix-run/react/dist/es
m/components.js',
    'D:/Snehra_desktop-electron-windows-main/Snehra_desktop-electron-windows-main/node_modules/@remix-run/react/dist/es
m/server.js',
    'D:/Snehra_desktop-electron-windows-main/Snehra_desktop-electron-windows-main/node_modules/@remix-run/react/dist/es
m/scroll-restoration.js',
    'D:/Snehra_desktop-electron-windows-main/Snehra_desktop-electron-windows-main/node_modules/@remix-run/react/dist/es
m/browser.js',
    'D:/Snehra_desktop-electron-windows-main/Snehra_desktop-electron-windows-main/node_modules/@remix-run/server-runtim
e/dist/esm/index.js',
    'D:/Snehra_desktop-electron-windows-main/Snehra_desktop-electron-windows-main/node_modules/react-router-dom/dist/in
dex.js',
    'D:/Snehra_desktop-electron-windows-main/Snehra_desktop-electron-windows-main/app/styles/index.scss',
    'D:/Snehra_desktop-electron-windows-main/Snehra_desktop-electron-windows-main/node_modules/react/cjs/react-jsx-runt
ime.production.min.js',
    'D:/Snehra_desktop-electron-windows-main/Snehra_desktop-electron-windows-main/node_modules/react-dom/index.js',
    'D:/Snehra_desktop-electron-windows-main/Snehra_desktop-electron-windows-main/node_modules/react/cjs/react.producti
on.min.js',
    'D:/Snehra_desktop-electron-windows-main/Snehra_desktop-electron-windows-main/app/components/ui/BackgroundRays/styl
es.module.scss',
    'D:/Snehra_desktop-electron-windows-main/Snehra_desktop-electron-windows-main/app/components/header/HeaderActionBut
tons.client.tsx',
    'D:/Snehra_desktop-electron-windows-main/Snehra_desktop-electron-windows-main/app/lib/stores/chat.ts',
    'D:/Snehra_desktop-electron-windows-main/Snehra_desktop-electron-windows-main/app/utils/classNames.ts',
    'D:/Snehra_desktop-electron-windows-main/Snehra_desktop-electron-windows-main/app/lib/persistence/ChatDescription.c
lient.tsx',
    'D:/Snehra_desktop-electron-windows-main/Snehra_desktop-electron-windows-main/app/utils/projectCommands.ts',
    
'D:/Snehra_desktop-electron-windows-main/Snehra_desktop-electron-windows-main/app/components/ui/LoadingOverlay.tsx',
    'D:/Snehra_desktop-electron-windows-main/Snehra_desktop-electron-windows-main/app/lib/persistence/index.ts',
    'D:/Snehra_desktop-electron-windows-main/Snehra_desktop-electron-windows-main/app/lib/hooks/useGit.ts',
    'D:\\Snehra_desktop-electron-windows-main\\Snehra_desktop-electron-windows-main\\app\\styles\\variables.scss',
    'D:\\Snehra_desktop-electron-windows-main\\Snehra_desktop-electron-windows-main\\app\\styles\\z-index.scss',
    'D:\\Snehra_desktop-electron-windows-main\\Snehra_desktop-electron-windows-main\\app\\styles\\animations.scss',
    'D:\\Snehra_desktop-electron-windows-main\\Snehra_desktop-electron-windows-main\\app\\styles\\components\\terminal.
scss',
    'D:\\Snehra_desktop-electron-windows-main\\Snehra_desktop-electron-windows-main\\app\\styles\\components\\resize-ha
ndle.scss',
    
'D:\\Snehra_desktop-electron-windows-main\\Snehra_desktop-electron-windows-main\\app\\styles\\components\\code.scss',
    
'D:\\Snehra_desktop-electron-windows-main\\Snehra_desktop-electron-windows-main\\app\\styles\\components\\editor.scss',
    
'D:\\Snehra_desktop-electron-windows-main\\Snehra_desktop-electron-windows-main\\app\\styles\\components\\toast.scss',
    
'D:/Snehra_desktop-electron-windows-main/Snehra_desktop-electron-windows-main/app/components/chat/Messages.client.tsx',
    'D:/Snehra_desktop-electron-windows-main/Snehra_desktop-electron-windows-main/app/components/chat/BaseChat.module.s
css',
    
'D:/Snehra_desktop-electron-windows-main/Snehra_desktop-electron-windows-main/app/components/chat/GitCloneButton.tsx',
    'D:/Snehra_desktop-electron-windows-main/Snehra_desktop-electron-windows-main/app/components/chat/StarterTemplates.
tsx',
    'D:/Snehra_desktop-electron-windows-main/Snehra_desktop-electron-windows-main/app/components/chat/ProgressCompilati
on.tsx',
    'D:/Snehra_desktop-electron-windows-main/Snehra_desktop-electron-windows-main/app/components/chat/ChatAlert.tsx',
    'D:/Snehra_desktop-electron-windows-main/Snehra_desktop-electron-windows-main/app/components/chat/ChatBox.tsx',
    'D:/Snehra_desktop-electron-windows-main/Snehra_desktop-electron-windows-main/app/components/chat/LLMApiAlert.tsx',
    
'D:/Snehra_desktop-electron-windows-main/Snehra_desktop-electron-windows-main/app/components/sidebar/Menu.client.tsx',
    'D:/Snehra_desktop-electron-windows-main/Snehra_desktop-electron-windows-main/app/components/workbench/Workbench.cl
ient.tsx',
    'D:/Snehra_desktop-electron-windows-main/Snehra_desktop-electron-windows-main/app/utils/constants.ts',
    'D:/Snehra_desktop-electron-windows-main/Snehra_desktop-electron-windows-main/app/components/chat/chatExportAndImpo
rt/ImportButtons.tsx',
    
'D:/Snehra_desktop-electron-windows-main/Snehra_desktop-electron-windows-main/app/components/chat/ExamplePrompts.tsx',
    
'D:/Snehra_desktop-electron-windows-main/Snehra_desktop-electron-windows-main/app/components/deploy/DeployAlert.tsx',
    
'D:/Snehra_desktop-electron-windows-main/Snehra_desktop-electron-windows-main/app/components/chat/SupabaseAlert.tsx',
    ... 3878 more items
  ],
  Symbol(augmented): true
}
ΓÇëELIFECYCLEΓÇë Command failed with exit code 1.
